  Determinando los proyectos que se van a restaurar...
  Todos los proyectos est├ín actualizados para la restauraci├│n.
  Ritrama2025.Core -> C:\Programacion\Ritrama2025\Core\bin\Debug\net10.0\Ritrama2025.Core.dll
  Ritrama2025 -> C:\Programacion\Ritrama2025\bin\Debug\net10.0-windows\Ritrama2025.dll
  Ritrama2025.Tests -> C:\Programacion\Ritrama2025\Ritrama2025.Tests\bin\Debug\net10.0-windows\Ritrama2025.Tests.dll

Compilaci├│n correcta.
    0 Advertencia(s)
    0 Errores

Tiempo transcurrido 00:00:03.18
